<?xml version="1.0" encoding="UTF-8"?>
<TestRun id="b572e60e-4f35-4646-8fbe-d355fe817a05" name="Mexx@MEXX-PC 2012-04-25 14:35:08" runUser="Mexx-PC\Mexx" xmlns="http://microsoft.com/schemas/VisualStudio/TeamTest/2010">
  <TestSettings name="Local" id="ab2dda47-df62-4ee6-a16b-845126e8200d">
    <Description>These are default test settings for a local test run.</Description>
    <Deployment enabled="false" runDeploymentRoot="Mexx_MEXX-PC 2012-04-25 14_35_08">
      <DeploymentItem filename="C:\Users\Mexx\Desktop\FH\4. Semester\SWE 2\Github\swe2_backoffice\EPU-Backoffice\System.Data.SQLite.dll" />
      <DeploymentItem filename="C:\Users\Mexx\Desktop\FH\4. Semester\SWE 2\Github\swe2_backoffice\EPU-Backoffice\EPU-Backoffice\bin\Debug\EPU-Backoffice.exe" />
    </Deployment>
    <Execution>
      <TestTypeSpecific />
      <AgentRule name="Execution Agents">
      </AgentRule>
    </Execution>
  </TestSettings>
  <Times creation="2012-04-25T14:35:08.4191381+02:00" queuing="2012-04-25T14:35:10.2443413+02:00" start="2012-04-25T14:35:10.3691415+02:00" finish="2012-04-25T14:35:11.6171437+02:00" />
  <ResultSummary outcome="Failed">
    <Counters total="36" executed="36" passed="35" error="0" failed="1" timeout="0" aborted="0" inconclusive="0" passedButRunAborted="0" notRunnable="0" notExecuted="0" disconnected="0" warning="0" completed="0" inProgress="0" pending="0" />
  </ResultSummary>
  <TestDefinitions>
    <UnitTest name="ValidateStringLength150Test1" storage="c:\users\mexx\desktop\fh\4. semester\swe 2\github\swe2_backoffice\epu-backoffice\backofficetests\bin\debug\backofficetests.dll" id="d3c37a14-1daa-3e9c-d207-cf7be07eeb77">
      <Execution id="d414790c-2e2a-4430-b135-a3f348420617" />
      <TestMethod codeBase="C:/Users/Mexx/Desktop/FH/4. Semester/SWE 2/Github/swe2_backoffice/EPU-Backoffice/BackofficeTests/bin/Debug/BackofficeTests.DLL" adapterTypeName="Microsoft.VisualStudio.TestTools.TestTypes.Unit.UnitTestAdapter, Microsoft.VisualStudio.QualityTools.Tips.UnitTest.Adapter, Version=10.0.0.0, Culture=neutral, PublicKeyToken=b03f5f7f11d50a3a" className="BackofficeTests.RuleManagerTest, BackofficeTests, Version=1.0.0.0, Culture=neutral, PublicKeyToken=null" name="ValidateStringLength150Test1" />
    </UnitTest>
    <UnitTest name="SaveNewKundeTest2" storage="c:\users\mexx\desktop\fh\4. semester\swe 2\github\swe2_backoffice\epu-backoffice\backofficetests\bin\debug\backofficetests.dll" id="b33b3573-f11d-6fc6-022d-d91b287ea9d8">
      <Execution id="757e102b-a1b7-4fea-b6dc-5a00ddddc904" />
      <TestMethod codeBase="C:/Users/Mexx/Desktop/FH/4. Semester/SWE 2/Github/swe2_backoffice/EPU-Backoffice/BackofficeTests/bin/Debug/BackofficeTests.DLL" adapterTypeName="Microsoft.VisualStudio.TestTools.TestTypes.Unit.UnitTestAdapter, Microsoft.VisualStudio.QualityTools.Tips.UnitTest.Adapter, Version=10.0.0.0, Culture=neutral, PublicKeyToken=b03f5f7f11d50a3a" className="BackofficeTests.MockDataBaseManagerTest, BackofficeTests, Version=1.0.0.0, Culture=neutral, PublicKeyToken=null" name="SaveNewKundeTest2" />
    </UnitTest>
    <UnitTest name="BindFromIntTest2" storage="c:\users\mexx\desktop\fh\4. semester\swe 2\github\swe2_backoffice\epu-backoffice\backofficetests\bin\debug\backofficetests.dll" id="505d1906-6fc3-bfa8-22dc-54ddea57cae6">
      <Execution id="cc255af0-9578-44c6-adf9-7a54552253d8" />
      <TestMethod codeBase="C:/Users/Mexx/Desktop/FH/4. Semester/SWE 2/Github/swe2_backoffice/EPU-Backoffice/BackofficeTests/bin/Debug/BackofficeTests.DLL" adapterTypeName="Microsoft.VisualStudio.TestTools.TestTypes.Unit.UnitTestAdapter, Microsoft.VisualStudio.QualityTools.Tips.UnitTest.Adapter, Version=10.0.0.0, Culture=neutral, PublicKeyToken=b03f5f7f11d50a3a" className="BackofficeTests.DataBindingFrameworkTest, BackofficeTests, Version=1.0.0.0, Culture=neutral, PublicKeyToken=null" name="BindFromIntTest2" />
    </UnitTest>
    <UnitTest name="ValidatePositiveIntTest1" storage="c:\users\mexx\desktop\fh\4. semester\swe 2\github\swe2_backoffice\epu-backoffice\backofficetests\bin\debug\backofficetests.dll" id="b5514afb-f6a0-50ea-911e-01a678f27e06">
      <Execution id="a2d7d1e1-04ca-4cbc-9d89-19b8d0226a9a" />
      <TestMethod codeBase="C:/Users/Mexx/Desktop/FH/4. Semester/SWE 2/Github/swe2_backoffice/EPU-Backoffice/BackofficeTests/bin/Debug/BackofficeTests.DLL" adapterTypeName="Microsoft.VisualStudio.TestTools.TestTypes.Unit.UnitTestAdapter, Microsoft.VisualStudio.QualityTools.Tips.UnitTest.Adapter, Version=10.0.0.0, Culture=neutral, PublicKeyToken=b03f5f7f11d50a3a" className="BackofficeTests.RuleManagerTest, BackofficeTests, Version=1.0.0.0, Culture=neutral, PublicKeyToken=null" name="ValidatePositiveIntTest1" />
    </UnitTest>
    <UnitTest name="GetKundenKontakteSQLTest1" storage="c:\users\mexx\desktop\fh\4. semester\swe 2\github\swe2_backoffice\epu-backoffice\backofficetests\bin\debug\backofficetests.dll" id="a312765c-d2d2-96df-3ada-0a913e44cb33">
      <DeploymentItems>
        <DeploymentItem filename="EPU-Backoffice.exe" />
      </DeploymentItems>
      <Execution id="7c8980b7-715b-4f01-9813-37a0cb374a8c" />
      <TestMethod codeBase="C:/Users/Mexx/Desktop/FH/4. Semester/SWE 2/Github/swe2_backoffice/EPU-Backoffice/BackofficeTests/bin/Debug/BackofficeTests.DLL" adapterTypeName="Microsoft.VisualStudio.TestTools.TestTypes.Unit.UnitTestAdapter, Microsoft.VisualStudio.QualityTools.Tips.UnitTest.Adapter, Version=10.0.0.0, Culture=neutral, PublicKeyToken=b03f5f7f11d50a3a" className="BackofficeTests.DataBaseManagerTest, BackofficeTests, Version=1.0.0.0, Culture=neutral, PublicKeyToken=null" name="GetKundenKontakteSQLTest1" />
    </UnitTest>
    <UnitTest name="SaveNewKundeTest1" storage="c:\users\mexx\desktop\fh\4. semester\swe 2\github\swe2_backoffice\epu-backoffice\backofficetests\bin\debug\backofficetests.dll" id="0b0bb479-f4ff-78f9-fd7b-4ea25bb62625">
      <Execution id="06f546f1-affc-4542-9e55-3d6942524c34" />
      <TestMethod codeBase="C:/Users/Mexx/Desktop/FH/4. Semester/SWE 2/Github/swe2_backoffice/EPU-Backoffice/BackofficeTests/bin/Debug/BackofficeTests.DLL" adapterTypeName="Microsoft.VisualStudio.TestTools.TestTypes.Unit.UnitTestAdapter, Microsoft.VisualStudio.QualityTools.Tips.UnitTest.Adapter, Version=10.0.0.0, Culture=neutral, PublicKeyToken=b03f5f7f11d50a3a" className="BackofficeTests.KundenKontakteSaverTest, BackofficeTests, Version=1.0.0.0, Culture=neutral, PublicKeyToken=null" name="SaveNewKundeTest1" />
    </UnitTest>
    <UnitTest name="ValidatePositiveIntTest" storage="c:\users\mexx\desktop\fh\4. semester\swe 2\github\swe2_backoffice\epu-backoffice\backofficetests\bin\debug\backofficetests.dll" id="964a5dd3-4366-4662-5dbe-5b4bc7499940">
      <Execution id="3ca9ad79-52d2-4f27-97e3-8a2ee9d4a1ac" />
      <TestMethod codeBase="C:/Users/Mexx/Desktop/FH/4. Semester/SWE 2/Github/swe2_backoffice/EPU-Backoffice/BackofficeTests/bin/Debug/BackofficeTests.DLL" adapterTypeName="Microsoft.VisualStudio.TestTools.TestTypes.Unit.UnitTestAdapter, Microsoft.VisualStudio.QualityTools.Tips.UnitTest.Adapter, Version=10.0.0.0, Culture=neutral, PublicKeyToken=b03f5f7f11d50a3a" className="BackofficeTests.RuleManagerTest, BackofficeTests, Version=1.0.0.0, Culture=neutral, PublicKeyToken=null" name="ValidatePositiveIntTest" />
    </UnitTest>
    <UnitTest name="GetKundenKontakteSQLTest3" storage="c:\users\mexx\desktop\fh\4. semester\swe 2\github\swe2_backoffice\epu-backoffice\backofficetests\bin\debug\backofficetests.dll" id="0093e2b2-a3bf-65e8-9a0c-2902d9440330">
      <DeploymentItems>
        <DeploymentItem filename="EPU-Backoffice.exe" />
      </DeploymentItems>
      <Execution id="0ae5f3ec-ecb9-4c2f-98c8-36144134a0fc" />
      <TestMethod codeBase="C:/Users/Mexx/Desktop/FH/4. Semester/SWE 2/Github/swe2_backoffice/EPU-Backoffice/BackofficeTests/bin/Debug/BackofficeTests.DLL" adapterTypeName="Microsoft.VisualStudio.TestTools.TestTypes.Unit.UnitTestAdapter, Microsoft.VisualStudio.QualityTools.Tips.UnitTest.Adapter, Version=10.0.0.0, Culture=neutral, PublicKeyToken=b03f5f7f11d50a3a" className="BackofficeTests.DataBaseManagerTest, BackofficeTests, Version=1.0.0.0, Culture=neutral, PublicKeyToken=null" name="GetKundenKontakteSQLTest3" />
    </UnitTest>
    <UnitTest name="CheckDataBaseExistanceTest2" storage="c:\users\mexx\desktop\fh\4. semester\swe 2\github\swe2_backoffice\epu-backoffice\backofficetests\bin\debug\backofficetests.dll" id="e3859455-e124-8efd-7ca1-ea3aafdeffd4">
      <Execution id="4e9e4157-d095-4184-b028-6ec5ae3d528e" />
      <TestMethod codeBase="C:/Users/Mexx/Desktop/FH/4. Semester/SWE 2/Github/swe2_backoffice/EPU-Backoffice/BackofficeTests/bin/Debug/BackofficeTests.DLL" adapterTypeName="Microsoft.VisualStudio.TestTools.TestTypes.Unit.UnitTestAdapter, Microsoft.VisualStudio.QualityTools.Tips.UnitTest.Adapter, Version=10.0.0.0, Culture=neutral, PublicKeyToken=b03f5f7f11d50a3a" className="BackofficeTests.ConfigFileManagerTest, BackofficeTests, Version=1.0.0.0, Culture=neutral, PublicKeyToken=null" name="CheckDataBaseExistanceTest2" />
    </UnitTest>
    <UnitTest name="BindFromIntTest" storage="c:\users\mexx\desktop\fh\4. semester\swe 2\github\swe2_backoffice\epu-backoffice\backofficetests\bin\debug\backofficetests.dll" id="d4f075fc-5075-2f5b-514a-32ed6446abf6">
      <Execution id="736ff404-963b-45f6-beb1-4e9837e2fe79" />
      <TestMethod codeBase="C:/Users/Mexx/Desktop/FH/4. Semester/SWE 2/Github/swe2_backoffice/EPU-Backoffice/BackofficeTests/bin/Debug/BackofficeTests.DLL" adapterTypeName="Microsoft.VisualStudio.TestTools.TestTypes.Unit.UnitTestAdapter, Microsoft.VisualStudio.QualityTools.Tips.UnitTest.Adapter, Version=10.0.0.0, Culture=neutral, PublicKeyToken=b03f5f7f11d50a3a" className="BackofficeTests.DataBindingFrameworkTest, BackofficeTests, Version=1.0.0.0, Culture=neutral, PublicKeyToken=null" name="BindFromIntTest" />
    </UnitTest>
    <UnitTest name="ValidateLettersHyphenTest1" storage="c:\users\mexx\desktop\fh\4. semester\swe 2\github\swe2_backoffice\epu-backoffice\backofficetests\bin\debug\backofficetests.dll" id="c4c935e7-f65f-fbfb-d664-dfd59baa51d2">
      <Execution id="f45508b9-1da0-4159-aa44-cecd1dfd1683" />
      <TestMethod codeBase="C:/Users/Mexx/Desktop/FH/4. Semester/SWE 2/Github/swe2_backoffice/EPU-Backoffice/BackofficeTests/bin/Debug/BackofficeTests.DLL" adapterTypeName="Microsoft.VisualStudio.TestTools.TestTypes.Unit.UnitTestAdapter, Microsoft.VisualStudio.QualityTools.Tips.UnitTest.Adapter, Version=10.0.0.0, Culture=neutral, PublicKeyToken=b03f5f7f11d50a3a" className="BackofficeTests.RuleManagerTest, BackofficeTests, Version=1.0.0.0, Culture=neutral, PublicKeyToken=null" name="ValidateLettersHyphenTest1" />
    </UnitTest>
    <UnitTest name="BindFromIntTest4" storage="c:\users\mexx\desktop\fh\4. semester\swe 2\github\swe2_backoffice\epu-backoffice\backofficetests\bin\debug\backofficetests.dll" id="4c1e2ecd-1643-eecb-56fd-c7aab96ceb95">
      <Execution id="54e806d2-31bc-4842-8f74-7bca995003bf" />
      <TestMethod codeBase="C:/Users/Mexx/Desktop/FH/4. Semester/SWE 2/Github/swe2_backoffice/EPU-Backoffice/BackofficeTests/bin/Debug/BackofficeTests.DLL" adapterTypeName="Microsoft.VisualStudio.TestTools.TestTypes.Unit.UnitTestAdapter, Microsoft.VisualStudio.QualityTools.Tips.UnitTest.Adapter, Version=10.0.0.0, Culture=neutral, PublicKeyToken=b03f5f7f11d50a3a" className="BackofficeTests.DataBindingFrameworkTest, BackofficeTests, Version=1.0.0.0, Culture=neutral, PublicKeyToken=null" name="BindFromIntTest4" />
    </UnitTest>
    <UnitTest name="BindFromDoubleTest1" storage="c:\users\mexx\desktop\fh\4. semester\swe 2\github\swe2_backoffice\epu-backoffice\backofficetests\bin\debug\backofficetests.dll" id="31e44b63-dd4e-5433-e0b6-e386759728ba">
      <Execution id="ae6f0395-2a0f-4ad5-a1da-5b04c711dc82" />
      <TestMethod codeBase="C:/Users/Mexx/Desktop/FH/4. Semester/SWE 2/Github/swe2_backoffice/EPU-Backoffice/BackofficeTests/bin/Debug/BackofficeTests.DLL" adapterTypeName="Microsoft.VisualStudio.TestTools.TestTypes.Unit.UnitTestAdapter, Microsoft.VisualStudio.QualityTools.Tips.UnitTest.Adapter, Version=10.0.0.0, Culture=neutral, PublicKeyToken=b03f5f7f11d50a3a" className="BackofficeTests.DataBindingFrameworkTest, BackofficeTests, Version=1.0.0.0, Culture=neutral, PublicKeyToken=null" name="BindFromDoubleTest1" />
    </UnitTest>
    <UnitTest name="ValidateLettersNumbersHyphenSpaceTest" storage="c:\users\mexx\desktop\fh\4. semester\swe 2\github\swe2_backoffice\epu-backoffice\backofficetests\bin\debug\backofficetests.dll" id="39dfcdc5-7ce0-fe7b-a2d5-0b4e447d63fe">
      <Execution id="86509438-e9d4-4db6-b8f1-4c4b827176c1" />
      <TestMethod codeBase="C:/Users/Mexx/Desktop/FH/4. Semester/SWE 2/Github/swe2_backoffice/EPU-Backoffice/BackofficeTests/bin/Debug/BackofficeTests.DLL" adapterTypeName="Microsoft.VisualStudio.TestTools.TestTypes.Unit.UnitTestAdapter, Microsoft.VisualStudio.QualityTools.Tips.UnitTest.Adapter, Version=10.0.0.0, Culture=neutral, PublicKeyToken=b03f5f7f11d50a3a" className="BackofficeTests.RuleManagerTest, BackofficeTests, Version=1.0.0.0, Culture=neutral, PublicKeyToken=null" name="ValidateLettersNumbersHyphenSpaceTest" />
    </UnitTest>
    <UnitTest name="CreateDataBaseTest" storage="c:\users\mexx\desktop\fh\4. semester\swe 2\github\swe2_backoffice\epu-backoffice\backofficetests\bin\debug\backofficetests.dll" id="8a8da676-6d8e-ed39-c279-5fd64035d021">
      <Execution id="5801e0cc-f12c-477f-9f83-d9fd693ecfcf" />
      <TestMethod codeBase="C:/Users/Mexx/Desktop/FH/4. Semester/SWE 2/Github/swe2_backoffice/EPU-Backoffice/BackofficeTests/bin/Debug/BackofficeTests.DLL" adapterTypeName="Microsoft.VisualStudio.TestTools.TestTypes.Unit.UnitTestAdapter, Microsoft.VisualStudio.QualityTools.Tips.UnitTest.Adapter, Version=10.0.0.0, Culture=neutral, PublicKeyToken=b03f5f7f11d50a3a" className="BackofficeTests.MockDataBaseManagerTest, BackofficeTests, Version=1.0.0.0, Culture=neutral, PublicKeyToken=null" name="CreateDataBaseTest" />
    </UnitTest>
    <UnitTest name="BindFromStringTest" storage="c:\users\mexx\desktop\fh\4. semester\swe 2\github\swe2_backoffice\epu-backoffice\backofficetests\bin\debug\backofficetests.dll" id="eef72f02-71a6-02ab-b5b8-6f32e7e8e704">
      <Execution id="d11ddbfb-01ae-459a-a77d-e7bebb286288" />
      <TestMethod codeBase="C:/Users/Mexx/Desktop/FH/4. Semester/SWE 2/Github/swe2_backoffice/EPU-Backoffice/BackofficeTests/bin/Debug/BackofficeTests.DLL" adapterTypeName="Microsoft.VisualStudio.TestTools.TestTypes.Unit.UnitTestAdapter, Microsoft.VisualStudio.QualityTools.Tips.UnitTest.Adapter, Version=10.0.0.0, Culture=neutral, PublicKeyToken=b03f5f7f11d50a3a" className="BackofficeTests.DataBindingFrameworkTest, BackofficeTests, Version=1.0.0.0, Culture=neutral, PublicKeyToken=null" name="BindFromStringTest" />
    </UnitTest>
    <UnitTest name="ValidateStringLength150Test2" storage="c:\users\mexx\desktop\fh\4. semester\swe 2\github\swe2_backoffice\epu-backoffice\backofficetests\bin\debug\backofficetests.dll" id="c39f52f2-fd47-b95c-6b5f-a7f641d653eb">
      <Execution id="784932b1-316e-4957-b22c-3ae54eaf0bc6" />
      <TestMethod codeBase="C:/Users/Mexx/Desktop/FH/4. Semester/SWE 2/Github/swe2_backoffice/EPU-Backoffice/BackofficeTests/bin/Debug/BackofficeTests.DLL" adapterTypeName="Microsoft.VisualStudio.TestTools.TestTypes.Unit.UnitTestAdapter, Microsoft.VisualStudio.QualityTools.Tips.UnitTest.Adapter, Version=10.0.0.0, Culture=neutral, PublicKeyToken=b03f5f7f11d50a3a" className="BackofficeTests.RuleManagerTest, BackofficeTests, Version=1.0.0.0, Culture=neutral, PublicKeyToken=null" name="ValidateStringLength150Test2" />
    </UnitTest>
    <UnitTest name="BindFromIntTest5" storage="c:\users\mexx\desktop\fh\4. semester\swe 2\github\swe2_backoffice\epu-backoffice\backofficetests\bin\debug\backofficetests.dll" id="f222aab9-ab91-c9eb-4867-2780a80463ce">
      <Execution id="da86b6b7-24af-4eb7-ba47-3bb7eb5d746d" />
      <TestMethod codeBase="C:/Users/Mexx/Desktop/FH/4. Semester/SWE 2/Github/swe2_backoffice/EPU-Backoffice/BackofficeTests/bin/Debug/BackofficeTests.DLL" adapterTypeName="Microsoft.VisualStudio.TestTools.TestTypes.Unit.UnitTestAdapter, Microsoft.VisualStudio.QualityTools.Tips.UnitTest.Adapter, Version=10.0.0.0, Culture=neutral, PublicKeyToken=b03f5f7f11d50a3a" className="BackofficeTests.DataBindingFrameworkTest, BackofficeTests, Version=1.0.0.0, Culture=neutral, PublicKeyToken=null" name="BindFromIntTest5" />
    </UnitTest>
    <UnitTest name="BindFromIntTest1" storage="c:\users\mexx\desktop\fh\4. semester\swe 2\github\swe2_backoffice\epu-backoffice\backofficetests\bin\debug\backofficetests.dll" id="434414f8-3973-e4d0-f13f-35184414da89">
      <Execution id="bcc06d3b-3741-4ba4-befa-ae3520cfc097" />
      <TestMethod codeBase="C:/Users/Mexx/Desktop/FH/4. Semester/SWE 2/Github/swe2_backoffice/EPU-Backoffice/BackofficeTests/bin/Debug/BackofficeTests.DLL" adapterTypeName="Microsoft.VisualStudio.TestTools.TestTypes.Unit.UnitTestAdapter, Microsoft.VisualStudio.QualityTools.Tips.UnitTest.Adapter, Version=10.0.0.0, Culture=neutral, PublicKeyToken=b03f5f7f11d50a3a" className="BackofficeTests.DataBindingFrameworkTest, BackofficeTests, Version=1.0.0.0, Culture=neutral, PublicKeyToken=null" name="BindFromIntTest1" />
    </UnitTest>
    <UnitTest name="DeleteKundeKontaktTest" storage="c:\users\mexx\desktop\fh\4. semester\swe 2\github\swe2_backoffice\epu-backoffice\backofficetests\bin\debug\backofficetests.dll" id="c8a28229-cee5-84e5-4ea5-f08afffd2aec">
      <Execution id="879330cd-ed91-46ad-ba23-263d3b87772d" />
      <TestMethod codeBase="C:/Users/Mexx/Desktop/FH/4. Semester/SWE 2/Github/swe2_backoffice/EPU-Backoffice/BackofficeTests/bin/Debug/BackofficeTests.DLL" adapterTypeName="Microsoft.VisualStudio.TestTools.TestTypes.Unit.UnitTestAdapter, Microsoft.VisualStudio.QualityTools.Tips.UnitTest.Adapter, Version=10.0.0.0, Culture=neutral, PublicKeyToken=b03f5f7f11d50a3a" className="BackofficeTests.MockDataBaseManagerTest, BackofficeTests, Version=1.0.0.0, Culture=neutral, PublicKeyToken=null" name="DeleteKundeKontaktTest" />
    </UnitTest>
    <UnitTest name="ValidateLettersHyphenTest" storage="c:\users\mexx\desktop\fh\4. semester\swe 2\github\swe2_backoffice\epu-backoffice\backofficetests\bin\debug\backofficetests.dll" id="361a255e-e5a1-b252-a1d2-d89e63247276">
      <Execution id="ab22c2c6-9bed-4e9e-bd99-d8bb0d74964f" />
      <TestMethod codeBase="C:/Users/Mexx/Desktop/FH/4. Semester/SWE 2/Github/swe2_backoffice/EPU-Backoffice/BackofficeTests/bin/Debug/BackofficeTests.DLL" adapterTypeName="Microsoft.VisualStudio.TestTools.TestTypes.Unit.UnitTestAdapter, Microsoft.VisualStudio.QualityTools.Tips.UnitTest.Adapter, Version=10.0.0.0, Culture=neutral, PublicKeyToken=b03f5f7f11d50a3a" className="BackofficeTests.RuleManagerTest, BackofficeTests, Version=1.0.0.0, Culture=neutral, PublicKeyToken=null" name="ValidateLettersHyphenTest" />
    </UnitTest>
    <UnitTest name="SaveNewKundeTest" storage="c:\users\mexx\desktop\fh\4. semester\swe 2\github\swe2_backoffice\epu-backoffice\backofficetests\bin\debug\backofficetests.dll" id="e2d50257-2c5d-6cbb-24c4-dee8a47e303e">
      <Execution id="854746ab-08a3-4620-9eee-67cfe3ed49b0" />
      <TestMethod codeBase="C:/Users/Mexx/Desktop/FH/4. Semester/SWE 2/Github/swe2_backoffice/EPU-Backoffice/BackofficeTests/bin/Debug/BackofficeTests.DLL" adapterTypeName="Microsoft.VisualStudio.TestTools.TestTypes.Unit.UnitTestAdapter, Microsoft.VisualStudio.QualityTools.Tips.UnitTest.Adapter, Version=10.0.0.0, Culture=neutral, PublicKeyToken=b03f5f7f11d50a3a" className="BackofficeTests.MockDataBaseManagerTest, BackofficeTests, Version=1.0.0.0, Culture=neutral, PublicKeyToken=null" name="SaveNewKundeTest" />
    </UnitTest>
    <UnitTest name="ValidatePerCentTest3" storage="c:\users\mexx\desktop\fh\4. semester\swe 2\github\swe2_backoffice\epu-backoffice\backofficetests\bin\debug\backofficetests.dll" id="d652201a-6041-cdd2-8e50-0d7b33d8ac6d">
      <Execution id="429be442-dd63-4763-9ecc-4d64715f0334" />
      <TestMethod codeBase="C:/Users/Mexx/Desktop/FH/4. Semester/SWE 2/Github/swe2_backoffice/EPU-Backoffice/BackofficeTests/bin/Debug/BackofficeTests.DLL" adapterTypeName="Microsoft.VisualStudio.TestTools.TestTypes.Unit.UnitTestAdapter, Microsoft.VisualStudio.QualityTools.Tips.UnitTest.Adapter, Version=10.0.0.0, Culture=neutral, PublicKeyToken=b03f5f7f11d50a3a" className="BackofficeTests.RuleManagerTest, BackofficeTests, Version=1.0.0.0, Culture=neutral, PublicKeyToken=null" name="ValidatePerCentTest3" />
    </UnitTest>
    <UnitTest name="SaveNewKundeTest" storage="c:\users\mexx\desktop\fh\4. semester\swe 2\github\swe2_backoffice\epu-backoffice\backofficetests\bin\debug\backofficetests.dll" id="4ffd8e4f-b99b-d942-5eed-e7ac25db8081">
      <Execution id="c64d7922-24e3-4adc-b1e7-4331933246b8" />
      <TestMethod codeBase="C:/Users/Mexx/Desktop/FH/4. Semester/SWE 2/Github/swe2_backoffice/EPU-Backoffice/BackofficeTests/bin/Debug/BackofficeTests.DLL" adapterTypeName="Microsoft.VisualStudio.TestTools.TestTypes.Unit.UnitTestAdapter, Microsoft.VisualStudio.QualityTools.Tips.UnitTest.Adapter, Version=10.0.0.0, Culture=neutral, PublicKeyToken=b03f5f7f11d50a3a" className="BackofficeTests.KundenKontakteSaverTest, BackofficeTests, Version=1.0.0.0, Culture=neutral, PublicKeyToken=null" name="SaveNewKundeTest" />
    </UnitTest>
    <UnitTest name="ValidateStringLength150Test" storage="c:\users\mexx\desktop\fh\4. semester\swe 2\github\swe2_backoffice\epu-backoffice\backofficetests\bin\debug\backofficetests.dll" id="b4366361-696b-7728-39f8-9388cad0ebbc">
      <Execution id="d07ed42d-8f72-4215-93ac-402518528664" />
      <TestMethod codeBase="C:/Users/Mexx/Desktop/FH/4. Semester/SWE 2/Github/swe2_backoffice/EPU-Backoffice/BackofficeTests/bin/Debug/BackofficeTests.DLL" adapterTypeName="Microsoft.VisualStudio.TestTools.TestTypes.Unit.UnitTestAdapter, Microsoft.VisualStudio.QualityTools.Tips.UnitTest.Adapter, Version=10.0.0.0, Culture=neutral, PublicKeyToken=b03f5f7f11d50a3a" className="BackofficeTests.RuleManagerTest, BackofficeTests, Version=1.0.0.0, Culture=neutral, PublicKeyToken=null" name="ValidateStringLength150Test" />
    </UnitTest>
    <UnitTest name="ValidatePerCentTest1" storage="c:\users\mexx\desktop\fh\4. semester\swe 2\github\swe2_backoffice\epu-backoffice\backofficetests\bin\debug\backofficetests.dll" id="c137758a-5b05-4ce2-b5ab-1b4fecde27af">
      <Execution id="1021f6c8-05b4-4ac1-8aea-37b0767d56c4" />
      <TestMethod codeBase="C:/Users/Mexx/Desktop/FH/4. Semester/SWE 2/Github/swe2_backoffice/EPU-Backoffice/BackofficeTests/bin/Debug/BackofficeTests.DLL" adapterTypeName="Microsoft.VisualStudio.TestTools.TestTypes.Unit.UnitTestAdapter, Microsoft.VisualStudio.QualityTools.Tips.UnitTest.Adapter, Version=10.0.0.0, Culture=neutral, PublicKeyToken=b03f5f7f11d50a3a" className="BackofficeTests.RuleManagerTest, BackofficeTests, Version=1.0.0.0, Culture=neutral, PublicKeyToken=null" name="ValidatePerCentTest1" />
    </UnitTest>
    <UnitTest name="ValidateLettersHyphenTest2" storage="c:\users\mexx\desktop\fh\4. semester\swe 2\github\swe2_backoffice\epu-backoffice\backofficetests\bin\debug\backofficetests.dll" id="6486f744-5fa1-d9fc-95a3-4bee5065f3f2">
      <Execution id="bf9be56f-568e-4853-8dfb-d50969597e6f" />
      <TestMethod codeBase="C:/Users/Mexx/Desktop/FH/4. Semester/SWE 2/Github/swe2_backoffice/EPU-Backoffice/BackofficeTests/bin/Debug/BackofficeTests.DLL" adapterTypeName="Microsoft.VisualStudio.TestTools.TestTypes.Unit.UnitTestAdapter, Microsoft.VisualStudio.QualityTools.Tips.UnitTest.Adapter, Version=10.0.0.0, Culture=neutral, PublicKeyToken=b03f5f7f11d50a3a" className="BackofficeTests.RuleManagerTest, BackofficeTests, Version=1.0.0.0, Culture=neutral, PublicKeyToken=null" name="ValidateLettersHyphenTest2" />
    </UnitTest>
    <UnitTest name="GetKundenKontakteSQLTest" storage="c:\users\mexx\desktop\fh\4. semester\swe 2\github\swe2_backoffice\epu-backoffice\backofficetests\bin\debug\backofficetests.dll" id="3037ac56-557f-9bf3-b00f-71460d4b6218">
      <DeploymentItems>
        <DeploymentItem filename="EPU-Backoffice.exe" />
      </DeploymentItems>
      <Execution id="78fe1fcc-c38e-4bc3-acd4-2cd126c53f81" />
      <TestMethod codeBase="C:/Users/Mexx/Desktop/FH/4. Semester/SWE 2/Github/swe2_backoffice/EPU-Backoffice/BackofficeTests/bin/Debug/BackofficeTests.DLL" adapterTypeName="Microsoft.VisualStudio.TestTools.TestTypes.Unit.UnitTestAdapter, Microsoft.VisualStudio.QualityTools.Tips.UnitTest.Adapter, Version=10.0.0.0, Culture=neutral, PublicKeyToken=b03f5f7f11d50a3a" className="BackofficeTests.DataBaseManagerTest, BackofficeTests, Version=1.0.0.0, Culture=neutral, PublicKeyToken=null" name="GetKundenKontakteSQLTest" />
    </UnitTest>
    <UnitTest name="ValidatePerCentTest" storage="c:\users\mexx\desktop\fh\4. semester\swe 2\github\swe2_backoffice\epu-backoffice\backofficetests\bin\debug\backofficetests.dll" id="e61bfd56-81af-6b75-a68e-f5a3fe238ee0">
      <Execution id="db4aefd3-af82-4735-9e58-8b4427f79d98" />
      <TestMethod codeBase="C:/Users/Mexx/Desktop/FH/4. Semester/SWE 2/Github/swe2_backoffice/EPU-Backoffice/BackofficeTests/bin/Debug/BackofficeTests.DLL" adapterTypeName="Microsoft.VisualStudio.TestTools.TestTypes.Unit.UnitTestAdapter, Microsoft.VisualStudio.QualityTools.Tips.UnitTest.Adapter, Version=10.0.0.0, Culture=neutral, PublicKeyToken=b03f5f7f11d50a3a" className="BackofficeTests.RuleManagerTest, BackofficeTests, Version=1.0.0.0, Culture=neutral, PublicKeyToken=null" name="ValidatePerCentTest" />
    </UnitTest>
    <UnitTest name="BindFromIntTest3" storage="c:\users\mexx\desktop\fh\4. semester\swe 2\github\swe2_backoffice\epu-backoffice\backofficetests\bin\debug\backofficetests.dll" id="6086f113-c8f7-46cb-ab99-e7bbb98f33eb">
      <Execution id="5dccb604-7a37-4f4e-9659-f92eb9369448" />
      <TestMethod codeBase="C:/Users/Mexx/Desktop/FH/4. Semester/SWE 2/Github/swe2_backoffice/EPU-Backoffice/BackofficeTests/bin/Debug/BackofficeTests.DLL" adapterTypeName="Microsoft.VisualStudio.TestTools.TestTypes.Unit.UnitTestAdapter, Microsoft.VisualStudio.QualityTools.Tips.UnitTest.Adapter, Version=10.0.0.0, Culture=neutral, PublicKeyToken=b03f5f7f11d50a3a" className="BackofficeTests.DataBindingFrameworkTest, BackofficeTests, Version=1.0.0.0, Culture=neutral, PublicKeyToken=null" name="BindFromIntTest3" />
    </UnitTest>
    <UnitTest name="CheckLogfileExistanceTest" storage="c:\users\mexx\desktop\fh\4. semester\swe 2\github\swe2_backoffice\epu-backoffice\backofficetests\bin\debug\backofficetests.dll" id="9f5296b8-6f24-7ef7-1a2f-8a002136c500">
      <Execution id="11c80211-b8a1-4f35-9eb3-ee74a540e646" />
      <TestMethod codeBase="C:/Users/Mexx/Desktop/FH/4. Semester/SWE 2/Github/swe2_backoffice/EPU-Backoffice/BackofficeTests/bin/Debug/BackofficeTests.DLL" adapterTypeName="Microsoft.VisualStudio.TestTools.TestTypes.Unit.UnitTestAdapter, Microsoft.VisualStudio.QualityTools.Tips.UnitTest.Adapter, Version=10.0.0.0, Culture=neutral, PublicKeyToken=b03f5f7f11d50a3a" className="BackofficeTests.ConfigFileManagerTest, BackofficeTests, Version=1.0.0.0, Culture=neutral, PublicKeyToken=null" name="CheckLogfileExistanceTest" />
    </UnitTest>
    <UnitTest name="CheckDataBaseExistanceTest1" storage="c:\users\mexx\desktop\fh\4. semester\swe 2\github\swe2_backoffice\epu-backoffice\backofficetests\bin\debug\backofficetests.dll" id="1bcbaabf-a009-06cc-3ac3-bf0143eb2faa">
      <Execution id="cb213b80-6c3a-40d3-8db2-1b80f2a5a95f" />
      <TestMethod codeBase="C:/Users/Mexx/Desktop/FH/4. Semester/SWE 2/Github/swe2_backoffice/EPU-Backoffice/BackofficeTests/bin/Debug/BackofficeTests.DLL" adapterTypeName="Microsoft.VisualStudio.TestTools.TestTypes.Unit.UnitTestAdapter, Microsoft.VisualStudio.QualityTools.Tips.UnitTest.Adapter, Version=10.0.0.0, Culture=neutral, PublicKeyToken=b03f5f7f11d50a3a" className="BackofficeTests.ConfigFileManagerTest, BackofficeTests, Version=1.0.0.0, Culture=neutral, PublicKeyToken=null" name="CheckDataBaseExistanceTest1" />
    </UnitTest>
    <UnitTest name="ValidatePerCentTest2" storage="c:\users\mexx\desktop\fh\4. semester\swe 2\github\swe2_backoffice\epu-backoffice\backofficetests\bin\debug\backofficetests.dll" id="a0adcb38-f761-f522-ac52-8f6f38446f16">
      <Execution id="3dea7f6b-95fb-4387-9abc-48cf76a31315" />
      <TestMethod codeBase="C:/Users/Mexx/Desktop/FH/4. Semester/SWE 2/Github/swe2_backoffice/EPU-Backoffice/BackofficeTests/bin/Debug/BackofficeTests.DLL" adapterTypeName="Microsoft.VisualStudio.TestTools.TestTypes.Unit.UnitTestAdapter, Microsoft.VisualStudio.QualityTools.Tips.UnitTest.Adapter, Version=10.0.0.0, Culture=neutral, PublicKeyToken=b03f5f7f11d50a3a" className="BackofficeTests.RuleManagerTest, BackofficeTests, Version=1.0.0.0, Culture=neutral, PublicKeyToken=null" name="ValidatePerCentTest2" />
    </UnitTest>
    <UnitTest name="GetKundenKontakteSQLTest2" storage="c:\users\mexx\desktop\fh\4. semester\swe 2\github\swe2_backoffice\epu-backoffice\backofficetests\bin\debug\backofficetests.dll" id="cc804725-5deb-4cc5-18d9-da7abb618dd2">
      <DeploymentItems>
        <DeploymentItem filename="EPU-Backoffice.exe" />
      </DeploymentItems>
      <Execution id="2a878a8e-510e-4ebe-b965-6385bcdd823a" />
      <TestMethod codeBase="C:/Users/Mexx/Desktop/FH/4. Semester/SWE 2/Github/swe2_backoffice/EPU-Backoffice/BackofficeTests/bin/Debug/BackofficeTests.DLL" adapterTypeName="Microsoft.VisualStudio.TestTools.TestTypes.Unit.UnitTestAdapter, Microsoft.VisualStudio.QualityTools.Tips.UnitTest.Adapter, Version=10.0.0.0, Culture=neutral, PublicKeyToken=b03f5f7f11d50a3a" className="BackofficeTests.DataBaseManagerTest, BackofficeTests, Version=1.0.0.0, Culture=neutral, PublicKeyToken=null" name="GetKundenKontakteSQLTest2" />
    </UnitTest>
    <UnitTest name="BindFromDoubleTest" storage="c:\users\mexx\desktop\fh\4. semester\swe 2\github\swe2_backoffice\epu-backoffice\backofficetests\bin\debug\backofficetests.dll" id="08a9abeb-7192-19a3-1b9d-ec6d85330f06">
      <Execution id="0ec0f17f-7337-451f-ae86-0aad6eefa0f3" />
      <TestMethod codeBase="C:/Users/Mexx/Desktop/FH/4. Semester/SWE 2/Github/swe2_backoffice/EPU-Backoffice/BackofficeTests/bin/Debug/BackofficeTests.DLL" adapterTypeName="Microsoft.VisualStudio.TestTools.TestTypes.Unit.UnitTestAdapter, Microsoft.VisualStudio.QualityTools.Tips.UnitTest.Adapter, Version=10.0.0.0, Culture=neutral, PublicKeyToken=b03f5f7f11d50a3a" className="BackofficeTests.DataBindingFrameworkTest, BackofficeTests, Version=1.0.0.0, Culture=neutral, PublicKeyToken=null" name="BindFromDoubleTest" />
    </UnitTest>
    <UnitTest name="SaveNewKundeTest3" storage="c:\users\mexx\desktop\fh\4. semester\swe 2\github\swe2_backoffice\epu-backoffice\backofficetests\bin\debug\backofficetests.dll" id="5b6f6ae1-ac09-d1c5-283e-e85c18f1616d">
      <Execution id="919a86d3-7350-4772-a48d-9af137ea9021" />
      <TestMethod codeBase="C:/Users/Mexx/Desktop/FH/4. Semester/SWE 2/Github/swe2_backoffice/EPU-Backoffice/BackofficeTests/bin/Debug/BackofficeTests.DLL" adapterTypeName="Microsoft.VisualStudio.TestTools.TestTypes.Unit.UnitTestAdapter, Microsoft.VisualStudio.QualityTools.Tips.UnitTest.Adapter, Version=10.0.0.0, Culture=neutral, PublicKeyToken=b03f5f7f11d50a3a" className="BackofficeTests.MockDataBaseManagerTest, BackofficeTests, Version=1.0.0.0, Culture=neutral, PublicKeyToken=null" name="SaveNewKundeTest3" />
    </UnitTest>
  </TestDefinitions>
  <TestLists>
    <TestList name="Results Not in a List" id="8c84fa94-04c1-424b-9868-57a2d4851a1d" />
    <TestList name="All Loaded Results" id="19431567-8539-422a-85d7-44ee4e166bda" />
  </TestLists>
  <TestEntries>
    <TestEntry testId="0093e2b2-a3bf-65e8-9a0c-2902d9440330" executionId="0ae5f3ec-ecb9-4c2f-98c8-36144134a0fc" testListId="8c84fa94-04c1-424b-9868-57a2d4851a1d" />
    <TestEntry testId="08a9abeb-7192-19a3-1b9d-ec6d85330f06" executionId="0ec0f17f-7337-451f-ae86-0aad6eefa0f3" testListId="8c84fa94-04c1-424b-9868-57a2d4851a1d" />
    <TestEntry testId="0b0bb479-f4ff-78f9-fd7b-4ea25bb62625" executionId="06f546f1-affc-4542-9e55-3d6942524c34" testListId="8c84fa94-04c1-424b-9868-57a2d4851a1d" />
    <TestEntry testId="1bcbaabf-a009-06cc-3ac3-bf0143eb2faa" executionId="cb213b80-6c3a-40d3-8db2-1b80f2a5a95f" testListId="8c84fa94-04c1-424b-9868-57a2d4851a1d" />
    <TestEntry testId="3037ac56-557f-9bf3-b00f-71460d4b6218" executionId="78fe1fcc-c38e-4bc3-acd4-2cd126c53f81" testListId="8c84fa94-04c1-424b-9868-57a2d4851a1d" />
    <TestEntry testId="31e44b63-dd4e-5433-e0b6-e386759728ba" executionId="ae6f0395-2a0f-4ad5-a1da-5b04c711dc82" testListId="8c84fa94-04c1-424b-9868-57a2d4851a1d" />
    <TestEntry testId="361a255e-e5a1-b252-a1d2-d89e63247276" executionId="ab22c2c6-9bed-4e9e-bd99-d8bb0d74964f" testListId="8c84fa94-04c1-424b-9868-57a2d4851a1d" />
    <TestEntry testId="39dfcdc5-7ce0-fe7b-a2d5-0b4e447d63fe" executionId="86509438-e9d4-4db6-b8f1-4c4b827176c1" testListId="8c84fa94-04c1-424b-9868-57a2d4851a1d" />
    <TestEntry testId="434414f8-3973-e4d0-f13f-35184414da89" executionId="bcc06d3b-3741-4ba4-befa-ae3520cfc097" testListId="8c84fa94-04c1-424b-9868-57a2d4851a1d" />
    <TestEntry testId="4c1e2ecd-1643-eecb-56fd-c7aab96ceb95" executionId="54e806d2-31bc-4842-8f74-7bca995003bf" testListId="8c84fa94-04c1-424b-9868-57a2d4851a1d" />
    <TestEntry testId="4ffd8e4f-b99b-d942-5eed-e7ac25db8081" executionId="c64d7922-24e3-4adc-b1e7-4331933246b8" testListId="8c84fa94-04c1-424b-9868-57a2d4851a1d" />
    <TestEntry testId="505d1906-6fc3-bfa8-22dc-54ddea57cae6" executionId="cc255af0-9578-44c6-adf9-7a54552253d8" testListId="8c84fa94-04c1-424b-9868-57a2d4851a1d" />
    <TestEntry testId="5b6f6ae1-ac09-d1c5-283e-e85c18f1616d" executionId="919a86d3-7350-4772-a48d-9af137ea9021" testListId="8c84fa94-04c1-424b-9868-57a2d4851a1d" />
    <TestEntry testId="6086f113-c8f7-46cb-ab99-e7bbb98f33eb" executionId="5dccb604-7a37-4f4e-9659-f92eb9369448" testListId="8c84fa94-04c1-424b-9868-57a2d4851a1d" />
    <TestEntry testId="6486f744-5fa1-d9fc-95a3-4bee5065f3f2" executionId="bf9be56f-568e-4853-8dfb-d50969597e6f" testListId="8c84fa94-04c1-424b-9868-57a2d4851a1d" />
    <TestEntry testId="8a8da676-6d8e-ed39-c279-5fd64035d021" executionId="5801e0cc-f12c-477f-9f83-d9fd693ecfcf" testListId="8c84fa94-04c1-424b-9868-57a2d4851a1d" />
    <TestEntry testId="964a5dd3-4366-4662-5dbe-5b4bc7499940" executionId="3ca9ad79-52d2-4f27-97e3-8a2ee9d4a1ac" testListId="8c84fa94-04c1-424b-9868-57a2d4851a1d" />
    <TestEntry testId="9f5296b8-6f24-7ef7-1a2f-8a002136c500" executionId="11c80211-b8a1-4f35-9eb3-ee74a540e646" testListId="8c84fa94-04c1-424b-9868-57a2d4851a1d" />
    <TestEntry testId="a0adcb38-f761-f522-ac52-8f6f38446f16" executionId="3dea7f6b-95fb-4387-9abc-48cf76a31315" testListId="8c84fa94-04c1-424b-9868-57a2d4851a1d" />
    <TestEntry testId="a312765c-d2d2-96df-3ada-0a913e44cb33" executionId="7c8980b7-715b-4f01-9813-37a0cb374a8c" testListId="8c84fa94-04c1-424b-9868-57a2d4851a1d" />
    <TestEntry testId="b33b3573-f11d-6fc6-022d-d91b287ea9d8" executionId="757e102b-a1b7-4fea-b6dc-5a00ddddc904" testListId="8c84fa94-04c1-424b-9868-57a2d4851a1d" />
    <TestEntry testId="b4366361-696b-7728-39f8-9388cad0ebbc" executionId="d07ed42d-8f72-4215-93ac-402518528664" testListId="8c84fa94-04c1-424b-9868-57a2d4851a1d" />
    <TestEntry testId="b5514afb-f6a0-50ea-911e-01a678f27e06" executionId="a2d7d1e1-04ca-4cbc-9d89-19b8d0226a9a" testListId="8c84fa94-04c1-424b-9868-57a2d4851a1d" />
    <TestEntry testId="c137758a-5b05-4ce2-b5ab-1b4fecde27af" executionId="1021f6c8-05b4-4ac1-8aea-37b0767d56c4" testListId="8c84fa94-04c1-424b-9868-57a2d4851a1d" />
    <TestEntry testId="c39f52f2-fd47-b95c-6b5f-a7f641d653eb" executionId="784932b1-316e-4957-b22c-3ae54eaf0bc6" testListId="8c84fa94-04c1-424b-9868-57a2d4851a1d" />
    <TestEntry testId="c4c935e7-f65f-fbfb-d664-dfd59baa51d2" executionId="f45508b9-1da0-4159-aa44-cecd1dfd1683" testListId="8c84fa94-04c1-424b-9868-57a2d4851a1d" />
    <TestEntry testId="c8a28229-cee5-84e5-4ea5-f08afffd2aec" executionId="879330cd-ed91-46ad-ba23-263d3b87772d" testListId="8c84fa94-04c1-424b-9868-57a2d4851a1d" />
    <TestEntry testId="cc804725-5deb-4cc5-18d9-da7abb618dd2" executionId="2a878a8e-510e-4ebe-b965-6385bcdd823a" testListId="8c84fa94-04c1-424b-9868-57a2d4851a1d" />
    <TestEntry testId="d3c37a14-1daa-3e9c-d207-cf7be07eeb77" executionId="d414790c-2e2a-4430-b135-a3f348420617" testListId="8c84fa94-04c1-424b-9868-57a2d4851a1d" />
    <TestEntry testId="d4f075fc-5075-2f5b-514a-32ed6446abf6" executionId="736ff404-963b-45f6-beb1-4e9837e2fe79" testListId="8c84fa94-04c1-424b-9868-57a2d4851a1d" />
    <TestEntry testId="d652201a-6041-cdd2-8e50-0d7b33d8ac6d" executionId="429be442-dd63-4763-9ecc-4d64715f0334" testListId="8c84fa94-04c1-424b-9868-57a2d4851a1d" />
    <TestEntry testId="e2d50257-2c5d-6cbb-24c4-dee8a47e303e" executionId="854746ab-08a3-4620-9eee-67cfe3ed49b0" testListId="8c84fa94-04c1-424b-9868-57a2d4851a1d" />
    <TestEntry testId="e3859455-e124-8efd-7ca1-ea3aafdeffd4" executionId="4e9e4157-d095-4184-b028-6ec5ae3d528e" testListId="8c84fa94-04c1-424b-9868-57a2d4851a1d" />
    <TestEntry testId="e61bfd56-81af-6b75-a68e-f5a3fe238ee0" executionId="db4aefd3-af82-4735-9e58-8b4427f79d98" testListId="8c84fa94-04c1-424b-9868-57a2d4851a1d" />
    <TestEntry testId="eef72f02-71a6-02ab-b5b8-6f32e7e8e704" executionId="d11ddbfb-01ae-459a-a77d-e7bebb286288" testListId="8c84fa94-04c1-424b-9868-57a2d4851a1d" />
    <TestEntry testId="f222aab9-ab91-c9eb-4867-2780a80463ce" executionId="da86b6b7-24af-4eb7-ba47-3bb7eb5d746d" testListId="8c84fa94-04c1-424b-9868-57a2d4851a1d" />
  </TestEntries>
  <Results>
    <UnitTestResult executionId="0ae5f3ec-ecb9-4c2f-98c8-36144134a0fc" testId="0093e2b2-a3bf-65e8-9a0c-2902d9440330" testName="GetKundenKontakteSQLTest3" computerName="MEXX-PC" duration="00:00:00.0132610" startTime="2012-04-25T14:35:10.4159416+02:00" endTime="2012-04-25T14:35:11.0243427+02:00" testType="13cdc9d9-ddb5-4fa4-a97d-d965ccfc6d4b" outcome="Passed" testListId="8c84fa94-04c1-424b-9868-57a2d4851a1d" relativeResultsDirectory="0ae5f3ec-ecb9-4c2f-98c8-36144134a0fc">
    </UnitTestResult>
    <UnitTestResult executionId="0ec0f17f-7337-451f-ae86-0aad6eefa0f3" testId="08a9abeb-7192-19a3-1b9d-ec6d85330f06" testName="BindFromDoubleTest" computerName="MEXX-PC" duration="00:00:00.1580334" startTime="2012-04-25T14:35:11.0399427+02:00" endTime="2012-04-25T14:35:11.1959430+02:00" testType="13cdc9d9-ddb5-4fa4-a97d-d965ccfc6d4b" outcome="Failed" testListId="8c84fa94-04c1-424b-9868-57a2d4851a1d" relativeResultsDirectory="0ec0f17f-7337-451f-ae86-0aad6eefa0f3">
      <Output>
        <ErrorInfo>
          <Message>Assert.AreEqual failed. Expected:&lt;4.33&gt;. Actual:&lt;-1&gt;. </Message>
          <StackTrace>   bei BackofficeTests.DataBindingFrameworkTest.BindFromDoubleTest() in C:\Users\Mexx\Desktop\FH\4. Semester\SWE 2\Github\swe2_backoffice\EPU-Backoffice\BackofficeTests\DataBindingFrameworkTest.cs:Zeile 186.
</StackTrace>
        </ErrorInfo>
      </Output>
    </UnitTestResult>
    <UnitTestResult executionId="06f546f1-affc-4542-9e55-3d6942524c34" testId="0b0bb479-f4ff-78f9-fd7b-4ea25bb62625" testName="SaveNewKundeTest1" computerName="MEXX-PC" duration="00:00:00.0921647" startTime="2012-04-25T14:35:11.1959430+02:00" endTime="2012-04-25T14:35:11.3051431+02:00" testType="13cdc9d9-ddb5-4fa4-a97d-d965ccfc6d4b" outcome="Passed" testListId="8c84fa94-04c1-424b-9868-57a2d4851a1d" relativeResultsDirectory="06f546f1-affc-4542-9e55-3d6942524c34">
    </UnitTestResult>
    <UnitTestResult executionId="cb213b80-6c3a-40d3-8db2-1b80f2a5a95f" testId="1bcbaabf-a009-06cc-3ac3-bf0143eb2faa" testName="CheckDataBaseExistanceTest1" computerName="MEXX-PC" duration="00:00:00.0099638" startTime="2012-04-25T14:35:11.3051431+02:00" endTime="2012-04-25T14:35:11.3363432+02:00" testType="13cdc9d9-ddb5-4fa4-a97d-d965ccfc6d4b" outcome="Passed" testListId="8c84fa94-04c1-424b-9868-57a2d4851a1d" relativeResultsDirectory="cb213b80-6c3a-40d3-8db2-1b80f2a5a95f">
    </UnitTestResult>
    <UnitTestResult executionId="78fe1fcc-c38e-4bc3-acd4-2cd126c53f81" testId="3037ac56-557f-9bf3-b00f-71460d4b6218" testName="GetKundenKontakteSQLTest" computerName="MEXX-PC" duration="00:00:00.0002949" startTime="2012-04-25T14:35:11.3363432+02:00" endTime="2012-04-25T14:35:11.3363432+02:00" testType="13cdc9d9-ddb5-4fa4-a97d-d965ccfc6d4b" outcome="Passed" testListId="8c84fa94-04c1-424b-9868-57a2d4851a1d" relativeResultsDirectory="78fe1fcc-c38e-4bc3-acd4-2cd126c53f81">
    </UnitTestResult>
    <UnitTestResult executionId="ae6f0395-2a0f-4ad5-a1da-5b04c711dc82" testId="31e44b63-dd4e-5433-e0b6-e386759728ba" testName="BindFromDoubleTest1" computerName="MEXX-PC" duration="00:00:00.0010393" startTime="2012-04-25T14:35:11.3363432+02:00" endTime="2012-04-25T14:35:11.3519432+02:00" testType="13cdc9d9-ddb5-4fa4-a97d-d965ccfc6d4b" outcome="Passed" testListId="8c84fa94-04c1-424b-9868-57a2d4851a1d" relativeResultsDirectory="ae6f0395-2a0f-4ad5-a1da-5b04c711dc82">
    </UnitTestResult>
    <UnitTestResult executionId="ab22c2c6-9bed-4e9e-bd99-d8bb0d74964f" testId="361a255e-e5a1-b252-a1d2-d89e63247276" testName="ValidateLettersHyphenTest" computerName="MEXX-PC" duration="00:00:00.0004631" startTime="2012-04-25T14:35:11.3519432+02:00" endTime="2012-04-25T14:35:11.3519432+02:00" testType="13cdc9d9-ddb5-4fa4-a97d-d965ccfc6d4b" outcome="Passed" testListId="8c84fa94-04c1-424b-9868-57a2d4851a1d" relativeResultsDirectory="ab22c2c6-9bed-4e9e-bd99-d8bb0d74964f">
    </UnitTestResult>
    <UnitTestResult executionId="86509438-e9d4-4db6-b8f1-4c4b827176c1" testId="39dfcdc5-7ce0-fe7b-a2d5-0b4e447d63fe" testName="ValidateLettersNumbersHyphenSpaceTest" computerName="MEXX-PC" duration="00:00:00.0002370" startTime="2012-04-25T14:35:11.3519432+02:00" endTime="2012-04-25T14:35:11.3519432+02:00" testType="13cdc9d9-ddb5-4fa4-a97d-d965ccfc6d4b" outcome="Passed" testListId="8c84fa94-04c1-424b-9868-57a2d4851a1d" relativeResultsDirectory="86509438-e9d4-4db6-b8f1-4c4b827176c1">
    </UnitTestResult>
    <UnitTestResult executionId="bcc06d3b-3741-4ba4-befa-ae3520cfc097" testId="434414f8-3973-e4d0-f13f-35184414da89" testName="BindFromIntTest1" computerName="MEXX-PC" duration="00:00:00.0027141" startTime="2012-04-25T14:35:11.3519432+02:00" endTime="2012-04-25T14:35:11.3675433+02:00" testType="13cdc9d9-ddb5-4fa4-a97d-d965ccfc6d4b" outcome="Passed" testListId="8c84fa94-04c1-424b-9868-57a2d4851a1d" relativeResultsDirectory="bcc06d3b-3741-4ba4-befa-ae3520cfc097">
    </UnitTestResult>
    <UnitTestResult executionId="54e806d2-31bc-4842-8f74-7bca995003bf" testId="4c1e2ecd-1643-eecb-56fd-c7aab96ceb95" testName="BindFromIntTest4" computerName="MEXX-PC" duration="00:00:00.0010349" startTime="2012-04-25T14:35:11.3675433+02:00" endTime="2012-04-25T14:35:11.3675433+02:00" testType="13cdc9d9-ddb5-4fa4-a97d-d965ccfc6d4b" outcome="Passed" testListId="8c84fa94-04c1-424b-9868-57a2d4851a1d" relativeResultsDirectory="54e806d2-31bc-4842-8f74-7bca995003bf">
    </UnitTestResult>
    <UnitTestResult executionId="c64d7922-24e3-4adc-b1e7-4331933246b8" testId="4ffd8e4f-b99b-d942-5eed-e7ac25db8081" testName="SaveNewKundeTest" computerName="MEXX-PC" duration="00:00:00.0011159" startTime="2012-04-25T14:35:11.3675433+02:00" endTime="2012-04-25T14:35:11.3675433+02:00" testType="13cdc9d9-ddb5-4fa4-a97d-d965ccfc6d4b" outcome="Passed" testListId="8c84fa94-04c1-424b-9868-57a2d4851a1d" relativeResultsDirectory="c64d7922-24e3-4adc-b1e7-4331933246b8">
    </UnitTestResult>
    <UnitTestResult executionId="cc255af0-9578-44c6-adf9-7a54552253d8" testId="505d1906-6fc3-bfa8-22dc-54ddea57cae6" testName="BindFromIntTest2" computerName="MEXX-PC" duration="00:00:00.0009279" startTime="2012-04-25T14:35:11.3675433+02:00" endTime="2012-04-25T14:35:11.3831433+02:00" testType="13cdc9d9-ddb5-4fa4-a97d-d965ccfc6d4b" outcome="Passed" testListId="8c84fa94-04c1-424b-9868-57a2d4851a1d" relativeResultsDirectory="cc255af0-9578-44c6-adf9-7a54552253d8">
    </UnitTestResult>
    <UnitTestResult executionId="919a86d3-7350-4772-a48d-9af137ea9021" testId="5b6f6ae1-ac09-d1c5-283e-e85c18f1616d" testName="SaveNewKundeTest3" computerName="MEXX-PC" duration="00:00:00.0004214" startTime="2012-04-25T14:35:11.3831433+02:00" endTime="2012-04-25T14:35:11.3831433+02:00" testType="13cdc9d9-ddb5-4fa4-a97d-d965ccfc6d4b" outcome="Passed" testListId="8c84fa94-04c1-424b-9868-57a2d4851a1d" relativeResultsDirectory="919a86d3-7350-4772-a48d-9af137ea9021">
    </UnitTestResult>
    <UnitTestResult executionId="5dccb604-7a37-4f4e-9659-f92eb9369448" testId="6086f113-c8f7-46cb-ab99-e7bbb98f33eb" testName="BindFromIntTest3" computerName="MEXX-PC" duration="00:00:00.0015612" startTime="2012-04-25T14:35:11.3831433+02:00" endTime="2012-04-25T14:35:11.3987433+02:00" testType="13cdc9d9-ddb5-4fa4-a97d-d965ccfc6d4b" outcome="Passed" testListId="8c84fa94-04c1-424b-9868-57a2d4851a1d" relativeResultsDirectory="5dccb604-7a37-4f4e-9659-f92eb9369448">
    </UnitTestResult>
    <UnitTestResult executionId="bf9be56f-568e-4853-8dfb-d50969597e6f" testId="6486f744-5fa1-d9fc-95a3-4bee5065f3f2" testName="ValidateLettersHyphenTest2" computerName="MEXX-PC" duration="00:00:00.0002366" startTime="2012-04-25T14:35:11.3987433+02:00" endTime="2012-04-25T14:35:11.3987433+02:00" testType="13cdc9d9-ddb5-4fa4-a97d-d965ccfc6d4b" outcome="Passed" testListId="8c84fa94-04c1-424b-9868-57a2d4851a1d" relativeResultsDirectory="bf9be56f-568e-4853-8dfb-d50969597e6f">
    </UnitTestResult>
    <UnitTestResult executionId="5801e0cc-f12c-477f-9f83-d9fd693ecfcf" testId="8a8da676-6d8e-ed39-c279-5fd64035d021" testName="CreateDataBaseTest" computerName="MEXX-PC" duration="00:00:00.0003719" startTime="2012-04-25T14:35:11.3987433+02:00" endTime="2012-04-25T14:35:11.4143433+02:00" testType="13cdc9d9-ddb5-4fa4-a97d-d965ccfc6d4b" outcome="Passed" testListId="8c84fa94-04c1-424b-9868-57a2d4851a1d" relativeResultsDirectory="5801e0cc-f12c-477f-9f83-d9fd693ecfcf">
    </UnitTestResult>
    <UnitTestResult executionId="3ca9ad79-52d2-4f27-97e3-8a2ee9d4a1ac" testId="964a5dd3-4366-4662-5dbe-5b4bc7499940" testName="ValidatePositiveIntTest" computerName="MEXX-PC" duration="00:00:00.0002354" startTime="2012-04-25T14:35:11.4143433+02:00" endTime="2012-04-25T14:35:11.4143433+02:00" testType="13cdc9d9-ddb5-4fa4-a97d-d965ccfc6d4b" outcome="Passed" testListId="8c84fa94-04c1-424b-9868-57a2d4851a1d" relativeResultsDirectory="3ca9ad79-52d2-4f27-97e3-8a2ee9d4a1ac">
    </UnitTestResult>
    <UnitTestResult executionId="11c80211-b8a1-4f35-9eb3-ee74a540e646" testId="9f5296b8-6f24-7ef7-1a2f-8a002136c500" testName="CheckLogfileExistanceTest" computerName="MEXX-PC" duration="00:00:00.0424498" startTime="2012-04-25T14:35:11.4143433+02:00" endTime="2012-04-25T14:35:11.4611434+02:00" testType="13cdc9d9-ddb5-4fa4-a97d-d965ccfc6d4b" outcome="Passed" testListId="8c84fa94-04c1-424b-9868-57a2d4851a1d" relativeResultsDirectory="11c80211-b8a1-4f35-9eb3-ee74a540e646">
    </UnitTestResult>
    <UnitTestResult executionId="3dea7f6b-95fb-4387-9abc-48cf76a31315" testId="a0adcb38-f761-f522-ac52-8f6f38446f16" testName="ValidatePerCentTest2" computerName="MEXX-PC" duration="00:00:00.0002261" startTime="2012-04-25T14:35:11.4611434+02:00" endTime="2012-04-25T14:35:11.4767434+02:00" testType="13cdc9d9-ddb5-4fa4-a97d-d965ccfc6d4b" outcome="Passed" testListId="8c84fa94-04c1-424b-9868-57a2d4851a1d" relativeResultsDirectory="3dea7f6b-95fb-4387-9abc-48cf76a31315">
    </UnitTestResult>
    <UnitTestResult executionId="7c8980b7-715b-4f01-9813-37a0cb374a8c" testId="a312765c-d2d2-96df-3ada-0a913e44cb33" testName="GetKundenKontakteSQLTest1" computerName="MEXX-PC" duration="00:00:00.0002812" startTime="2012-04-25T14:35:11.4767434+02:00" endTime="2012-04-25T14:35:11.4767434+02:00" testType="13cdc9d9-ddb5-4fa4-a97d-d965ccfc6d4b" outcome="Passed" testListId="8c84fa94-04c1-424b-9868-57a2d4851a1d" relativeResultsDirectory="7c8980b7-715b-4f01-9813-37a0cb374a8c">
    </UnitTestResult>
    <UnitTestResult executionId="757e102b-a1b7-4fea-b6dc-5a00ddddc904" testId="b33b3573-f11d-6fc6-022d-d91b287ea9d8" testName="SaveNewKundeTest2" computerName="MEXX-PC" duration="00:00:00.0006625" startTime="2012-04-25T14:35:11.4767434+02:00" endTime="2012-04-25T14:35:11.4767434+02:00" testType="13cdc9d9-ddb5-4fa4-a97d-d965ccfc6d4b" outcome="Passed" testListId="8c84fa94-04c1-424b-9868-57a2d4851a1d" relativeResultsDirectory="757e102b-a1b7-4fea-b6dc-5a00ddddc904">
    </UnitTestResult>
    <UnitTestResult executionId="d07ed42d-8f72-4215-93ac-402518528664" testId="b4366361-696b-7728-39f8-9388cad0ebbc" testName="ValidateStringLength150Test" computerName="MEXX-PC" duration="00:00:00.0002338" startTime="2012-04-25T14:35:11.4767434+02:00" endTime="2012-04-25T14:35:11.4923435+02:00" testType="13cdc9d9-ddb5-4fa4-a97d-d965ccfc6d4b" outcome="Passed" testListId="8c84fa94-04c1-424b-9868-57a2d4851a1d" relativeResultsDirectory="d07ed42d-8f72-4215-93ac-402518528664">
    </UnitTestResult>
    <UnitTestResult executionId="a2d7d1e1-04ca-4cbc-9d89-19b8d0226a9a" testId="b5514afb-f6a0-50ea-911e-01a678f27e06" testName="ValidatePositiveIntTest1" computerName="MEXX-PC" duration="00:00:00.0002706" startTime="2012-04-25T14:35:11.4923435+02:00" endTime="2012-04-25T14:35:11.4923435+02:00" testType="13cdc9d9-ddb5-4fa4-a97d-d965ccfc6d4b" outcome="Passed" testListId="8c84fa94-04c1-424b-9868-57a2d4851a1d" relativeResultsDirectory="a2d7d1e1-04ca-4cbc-9d89-19b8d0226a9a">
    </UnitTestResult>
    <UnitTestResult executionId="1021f6c8-05b4-4ac1-8aea-37b0767d56c4" testId="c137758a-5b05-4ce2-b5ab-1b4fecde27af" testName="ValidatePerCentTest1" computerName="MEXX-PC" duration="00:00:00.0002710" startTime="2012-04-25T14:35:11.4923435+02:00" endTime="2012-04-25T14:35:11.5079435+02:00" testType="13cdc9d9-ddb5-4fa4-a97d-d965ccfc6d4b" outcome="Passed" testListId="8c84fa94-04c1-424b-9868-57a2d4851a1d" relativeResultsDirectory="1021f6c8-05b4-4ac1-8aea-37b0767d56c4">
    </UnitTestResult>
    <UnitTestResult executionId="784932b1-316e-4957-b22c-3ae54eaf0bc6" testId="c39f52f2-fd47-b95c-6b5f-a7f641d653eb" testName="ValidateStringLength150Test2" computerName="MEXX-PC" duration="00:00:00.0002727" startTime="2012-04-25T14:35:11.5079435+02:00" endTime="2012-04-25T14:35:11.5079435+02:00" testType="13cdc9d9-ddb5-4fa4-a97d-d965ccfc6d4b" outcome="Passed" testListId="8c84fa94-04c1-424b-9868-57a2d4851a1d" relativeResultsDirectory="784932b1-316e-4957-b22c-3ae54eaf0bc6">
    </UnitTestResult>
    <UnitTestResult executionId="f45508b9-1da0-4159-aa44-cecd1dfd1683" testId="c4c935e7-f65f-fbfb-d664-dfd59baa51d2" testName="ValidateLettersHyphenTest1" computerName="MEXX-PC" duration="00:00:00.0002358" startTime="2012-04-25T14:35:11.5079435+02:00" endTime="2012-04-25T14:35:11.5235435+02:00" testType="13cdc9d9-ddb5-4fa4-a97d-d965ccfc6d4b" outcome="Passed" testListId="8c84fa94-04c1-424b-9868-57a2d4851a1d" relativeResultsDirectory="f45508b9-1da0-4159-aa44-cecd1dfd1683">
    </UnitTestResult>
    <UnitTestResult executionId="879330cd-ed91-46ad-ba23-263d3b87772d" testId="c8a28229-cee5-84e5-4ea5-f08afffd2aec" testName="DeleteKundeKontaktTest" computerName="MEXX-PC" duration="00:00:00.0020564" startTime="2012-04-25T14:35:11.5235435+02:00" endTime="2012-04-25T14:35:11.5235435+02:00" testType="13cdc9d9-ddb5-4fa4-a97d-d965ccfc6d4b" outcome="Passed" testListId="8c84fa94-04c1-424b-9868-57a2d4851a1d" relativeResultsDirectory="879330cd-ed91-46ad-ba23-263d3b87772d">
    </UnitTestResult>
    <UnitTestResult executionId="2a878a8e-510e-4ebe-b965-6385bcdd823a" testId="cc804725-5deb-4cc5-18d9-da7abb618dd2" testName="GetKundenKontakteSQLTest2" computerName="MEXX-PC" duration="00:00:00.0003813" startTime="2012-04-25T14:35:11.5391436+02:00" endTime="2012-04-25T14:35:11.5391436+02:00" testType="13cdc9d9-ddb5-4fa4-a97d-d965ccfc6d4b" outcome="Passed" testListId="8c84fa94-04c1-424b-9868-57a2d4851a1d" relativeResultsDirectory="2a878a8e-510e-4ebe-b965-6385bcdd823a">
    </UnitTestResult>
    <UnitTestResult executionId="d414790c-2e2a-4430-b135-a3f348420617" testId="d3c37a14-1daa-3e9c-d207-cf7be07eeb77" testName="ValidateStringLength150Test1" computerName="MEXX-PC" duration="00:00:00.0002682" startTime="2012-04-25T14:35:11.5391436+02:00" endTime="2012-04-25T14:35:11.5391436+02:00" testType="13cdc9d9-ddb5-4fa4-a97d-d965ccfc6d4b" outcome="Passed" testListId="8c84fa94-04c1-424b-9868-57a2d4851a1d" relativeResultsDirectory="d414790c-2e2a-4430-b135-a3f348420617">
    </UnitTestResult>
    <UnitTestResult executionId="736ff404-963b-45f6-beb1-4e9837e2fe79" testId="d4f075fc-5075-2f5b-514a-32ed6446abf6" testName="BindFromIntTest" computerName="MEXX-PC" duration="00:00:00.0008789" startTime="2012-04-25T14:35:11.5547436+02:00" endTime="2012-04-25T14:35:11.5547436+02:00" testType="13cdc9d9-ddb5-4fa4-a97d-d965ccfc6d4b" outcome="Passed" testListId="8c84fa94-04c1-424b-9868-57a2d4851a1d" relativeResultsDirectory="736ff404-963b-45f6-beb1-4e9837e2fe79">
    </UnitTestResult>
    <UnitTestResult executionId="429be442-dd63-4763-9ecc-4d64715f0334" testId="d652201a-6041-cdd2-8e50-0d7b33d8ac6d" testName="ValidatePerCentTest3" computerName="MEXX-PC" duration="00:00:00.0002232" startTime="2012-04-25T14:35:11.5547436+02:00" endTime="2012-04-25T14:35:11.5703436+02:00" testType="13cdc9d9-ddb5-4fa4-a97d-d965ccfc6d4b" outcome="Passed" testListId="8c84fa94-04c1-424b-9868-57a2d4851a1d" relativeResultsDirectory="429be442-dd63-4763-9ecc-4d64715f0334">
    </UnitTestResult>
    <UnitTestResult executionId="854746ab-08a3-4620-9eee-67cfe3ed49b0" testId="e2d50257-2c5d-6cbb-24c4-dee8a47e303e" testName="SaveNewKundeTest" computerName="MEXX-PC" duration="00:00:00.0003776" startTime="2012-04-25T14:35:11.5703436+02:00" endTime="2012-04-25T14:35:11.5703436+02:00" testType="13cdc9d9-ddb5-4fa4-a97d-d965ccfc6d4b" outcome="Passed" testListId="8c84fa94-04c1-424b-9868-57a2d4851a1d" relativeResultsDirectory="854746ab-08a3-4620-9eee-67cfe3ed49b0">
    </UnitTestResult>
    <UnitTestResult executionId="4e9e4157-d095-4184-b028-6ec5ae3d528e" testId="e3859455-e124-8efd-7ca1-ea3aafdeffd4" testName="CheckDataBaseExistanceTest2" computerName="MEXX-PC" duration="00:00:00.0003573" startTime="2012-04-25T14:35:11.5703436+02:00" endTime="2012-04-25T14:35:11.5703436+02:00" testType="13cdc9d9-ddb5-4fa4-a97d-d965ccfc6d4b" outcome="Passed" testListId="8c84fa94-04c1-424b-9868-57a2d4851a1d" relativeResultsDirectory="4e9e4157-d095-4184-b028-6ec5ae3d528e">
    </UnitTestResult>
    <UnitTestResult executionId="db4aefd3-af82-4735-9e58-8b4427f79d98" testId="e61bfd56-81af-6b75-a68e-f5a3fe238ee0" testName="ValidatePerCentTest" computerName="MEXX-PC" duration="00:00:00.0002216" startTime="2012-04-25T14:35:11.5703436+02:00" endTime="2012-04-25T14:35:11.5859436+02:00" testType="13cdc9d9-ddb5-4fa4-a97d-d965ccfc6d4b" outcome="Passed" testListId="8c84fa94-04c1-424b-9868-57a2d4851a1d" relativeResultsDirectory="db4aefd3-af82-4735-9e58-8b4427f79d98">
    </UnitTestResult>
    <UnitTestResult executionId="d11ddbfb-01ae-459a-a77d-e7bebb286288" testId="eef72f02-71a6-02ab-b5b8-6f32e7e8e704" testName="BindFromStringTest" computerName="MEXX-PC" duration="00:00:00.0009583" startTime="2012-04-25T14:35:11.5859436+02:00" endTime="2012-04-25T14:35:11.5859436+02:00" testType="13cdc9d9-ddb5-4fa4-a97d-d965ccfc6d4b" outcome="Passed" testListId="8c84fa94-04c1-424b-9868-57a2d4851a1d" relativeResultsDirectory="d11ddbfb-01ae-459a-a77d-e7bebb286288">
    </UnitTestResult>
    <UnitTestResult executionId="da86b6b7-24af-4eb7-ba47-3bb7eb5d746d" testId="f222aab9-ab91-c9eb-4867-2780a80463ce" testName="BindFromIntTest5" computerName="MEXX-PC" duration="00:00:00.0008797" startTime="2012-04-25T14:35:11.5859436+02:00" endTime="2012-04-25T14:35:11.6015437+02:00" testType="13cdc9d9-ddb5-4fa4-a97d-d965ccfc6d4b" outcome="Passed" testListId="8c84fa94-04c1-424b-9868-57a2d4851a1d" relativeResultsDirectory="da86b6b7-24af-4eb7-ba47-3bb7eb5d746d">
    </UnitTestResult>
  </Results>
</TestRun>